{"schema_version":2,"run_id":"debug","sequence":1,"wall_timestamp":"2026-09-01T16:21:46.727+0200","monotonic_ns":4134526804900,"component":"chatterbox","event":"server.start","protocol_version":2}
{"schema_version":2,"run_id":"debug","sequence":2,"wall_timestamp":"2026-09-01T16:21:46.765+0200","monotonic_ns":4134564851100,"component":"chatterbox","event":"t3.model.load.begin","path":"C:\\Users\\px-wjt\\Downloads\\Trident\\models\\chatterbox-t3-mtl-v3-cangjie-q4_0.gguf"}
{"schema_version":2,"run_id":"debug","sequence":3,"wall_timestamp":"2026-09-01T16:21:47.112+0200","monotonic_ns":4134911293100,"component":"chatterbox","event":"t3.backend","backend":"Vulkan","gpu_layers":99,"device":"NVIDIA GeForce GTX 1060 6GB"}
{"schema_version":2,"run_id":"debug","sequence":4,"wall_timestamp":"2026-09-01T16:21:47.326+0200","monotonic_ns":4135125460300,"component":"chatterbox","event":"t3.model.load.completed","elapsed_ms":561,"weights_bytes":344895104,"kv_bytes":1006632960}
{"schema_version":2,"run_id":"debug","sequence":5,"wall_timestamp":"2026-09-01T16:21:47.328+0200","monotonic_ns":4135128012800,"component":"chatterbox","event":"t3.workspace.ready"}
{"schema_version":2,"run_id":"debug","sequence":6,"wall_timestamp":"2026-09-01T16:21:47.329+0200","monotonic_ns":4135128385800,"component":"chatterbox","event":"s3gen.model.load.begin","path":"C:\\Users\\px-wjt\\Downloads\\Trident\\models\\chatterbox-s3gen-mtl-v3-f16.gguf"}
{"schema_version":2,"run_id":"debug","sequence":7,"wall_timestamp":"2026-09-01T16:21:47.755+0200","monotonic_ns":4135554985700,"component":"chatterbox","event":"s3gen.backend","backend":"Vulkan","gpu_layers":99,"device":"NVIDIA GeForce GTX 1060 6GB"}
{"schema_version":2,"run_id":"debug","sequence":8,"wall_timestamp":"2026-09-01T16:21:48.228+0200","monotonic_ns":4136028103700,"component":"chatterbox","event":"s3gen.model.load.completed","elapsed_ms":900,"weights_bytes":1056272256,"immutable_host_bytes":13541736,"fastconv_baked_tensors":0,"fastconv_baked_bytes":0}
{"schema_version":2,"run_id":"debug","sequence":9,"wall_timestamp":"2026-09-01T16:22:00.657+0200","monotonic_ns":4148456501600,"component":"chatterbox","event":"warmup.start","s3gen_tokens":48}
{"schema_version":2,"run_id":"debug","sequence":10,"wall_timestamp":"2026-09-01T16:22:01.353+0200","monotonic_ns":4149152436700,"component":"chatterbox","event":"t3.ready","index":-1,"tokens":48,"ms":695}
{"schema_version":2,"run_id":"debug","sequence":11,"wall_timestamp":"2026-09-01T16:22:01.353+0200","monotonic_ns":4149152506900,"component":"chatterbox","event":"t3","index":-1,"chars":121,"text_tokens":79,"tokens":48,"ms":695,"stream":true,"stop_reason":"window","text_token_ids":[255,717,42,2,32,38,63,225,2,54,2,36,59,26,52,2,152,2,145,2,185,2,29,46,29,59,52,2,14,2,133,19,19,91,22,86,70,2,25,222,2,32,124,18,71,2,32,122,29,64,2,87,2,18,19,19,91,22,86,2,20,50,44,158,2,58,2,19,96,34,46,2,175,29,47,32,61,9,0],"token_ids":[2139,57,3071,2345,2336,149,152,152,71,2339,71,4429,5648,2226,4615,4437,6373,1977,36,4463,936,1884,5101,3239,4915,1531,4356,3627,4214,6158,2350,2305,198,6258,3829,5021,2780,3995,975,333,2031,5829,3640,2166,1836,1749,3750,46],"token_us":[329886,341233,349848,358361,367054,375356,383495,391854,400385,410547,418109,425555,433498,441714,449216,456812,464686,472312,479797,487320,495069,502719,510235,517785,525625,533362,540907,548507,556054,563990,571582,579113,586269,593584,600849,608061,615330,622582,630190,637356,644565,651692,659088,666353,673500,680623,687812,695447]}
{"schema_version":2,"run_id":"debug","sequence":12,"wall_timestamp":"2026-09-01T16:22:01.353+0200","monotonic_ns":4149152519400,"component":"chatterbox","event":"s3gen.begin","index":-1,"chunk_id":0,"tokens":48,"token_start":0,"token_end":48,"skip_mel_frames":0,"final":false}
{"schema_version":2,"run_id":"debug","sequence":13,"wall_timestamp":"2026-09-01T16:22:03.471+0200","monotonic_ns":4151270443100,"component":"chatterbox","event":"s3gen","infer_ms":2118,"audio_ms":1920,"rtf":1.103,"tokens":48,"cfm_steps":5,"meanflow":false,"load_ms":0,"chunk_id":0,"token_start":0,"token_end":48,"skip_mel_frames":0,"final":false,"samples":46080,"pcm_bytes":92160,"encoder_ms":121,"cfm_ms":1750,"f0_ms":8,"stft_ms":4,"hift_ms":219,"host_to_device_ms":19,"device_to_host_ms":3,"workspace_ms":5}
{"schema_version":2,"run_id":"debug","sequence":14,"wall_timestamp":"2026-09-01T16:22:03.494+0200","monotonic_ns":4151293368100,"component":"chatterbox","event":"warmup.completed","discarded_samples":46080,"s3gen_tokens":48}
{"schema_version":2,"run_id":"debug","sequence":15,"wall_timestamp":"2026-09-01T16:22:03.496+0200","monotonic_ns":4151295300500,"component":"chatterbox","event":"server.ready","port":17933,"family":"v3","language":"pl","protocol_version":2}
{"schema_version":2,"run_id":"debug","sequence":16,"wall_timestamp":"2026-09-01T16:22:03.715+0200","monotonic_ns":4151514565300,"component":"chatterbox","event":"client.accepted"}
{"schema_version":2,"run_id":"debug","sequence":17,"wall_timestamp":"2026-09-01T16:22:03.715+0200","monotonic_ns":4151514688100,"component":"chatterbox","event":"synthesis.cancel.requested"}
{"schema_version":2,"run_id":"debug","sequence":18,"wall_timestamp":"2026-09-01T16:22:03.715+0200","monotonic_ns":4151514891200,"component":"chatterbox","event":"synthesis.worker.start"}
{"schema_version":2,"run_id":"debug","sequence":19,"wall_timestamp":"2026-09-01T16:22:03.715+0200","monotonic_ns":4151514916700,"component":"chatterbox","event":"synthesis.worker.stopped"}
{"schema_version":2,"run_id":"debug","sequence":20,"wall_timestamp":"2026-09-01T16:22:03.715+0200","monotonic_ns":4151515109900,"component":"chatterbox","event":"t3.unload.begin"}
{"schema_version":2,"run_id":"debug","sequence":21,"wall_timestamp":"2026-09-01T16:22:03.715+0200","monotonic_ns":4151515130200,"component":"chatterbox","event":"s3gen.unload.begin"}
{"schema_version":2,"run_id":"debug","sequence":22,"wall_timestamp":"2026-09-01T16:22:03.761+0200","monotonic_ns":4151560750100,"component":"chatterbox","event":"s3gen.unload.completed"}
{"schema_version":2,"run_id":"debug","sequence":23,"wall_timestamp":"2026-09-01T16:22:03.813+0200","monotonic_ns":4151612514400,"component":"chatterbox","event":"t3.unload.completed"}
{"schema_version":2,"run_id":"debug","sequence":24,"wall_timestamp":"2026-09-01T16:22:03.813+0200","monotonic_ns":4151612717700,"component":"chatterbox","event":"server.failed","error":"client disconnected without close handshake"}
