{"schema_version":2,"run_id":"proto","sequence":1,"wall_timestamp":"2026-09-01T16:22:31.807+0200","monotonic_ns":4179607137100,"component":"chatterbox","event":"server.start","protocol_version":2}
{"schema_version":2,"run_id":"proto","sequence":2,"wall_timestamp":"2026-09-01T16:22:31.845+0200","monotonic_ns":4179644722700,"component":"chatterbox","event":"t3.model.load.begin","path":"C:\\Users\\px-wjt\\Downloads\\Trident\\models\\chatterbox-t3-mtl-v3-cangjie-q4_0.gguf"}
{"schema_version":2,"run_id":"proto","sequence":3,"wall_timestamp":"2026-09-01T16:22:32.226+0200","monotonic_ns":4180026153500,"component":"chatterbox","event":"t3.backend","backend":"Vulkan","gpu_layers":99,"device":"NVIDIA GeForce GTX 1060 6GB"}
{"schema_version":2,"run_id":"proto","sequence":4,"wall_timestamp":"2026-09-01T16:22:32.456+0200","monotonic_ns":4180255919200,"component":"chatterbox","event":"t3.model.load.completed","elapsed_ms":611,"weights_bytes":344895104,"kv_bytes":1006632960}
{"schema_version":2,"run_id":"proto","sequence":5,"wall_timestamp":"2026-09-01T16:22:32.460+0200","monotonic_ns":4180259301100,"component":"chatterbox","event":"t3.workspace.ready"}
{"schema_version":2,"run_id":"proto","sequence":6,"wall_timestamp":"2026-09-01T16:22:32.460+0200","monotonic_ns":4180259743200,"component":"chatterbox","event":"s3gen.model.load.begin","path":"C:\\Users\\px-wjt\\Downloads\\Trident\\models\\chatterbox-s3gen-mtl-v3-f16.gguf"}
{"schema_version":2,"run_id":"proto","sequence":7,"wall_timestamp":"2026-09-01T16:22:32.893+0200","monotonic_ns":4180693078300,"component":"chatterbox","event":"s3gen.backend","backend":"Vulkan","gpu_layers":99,"device":"NVIDIA GeForce GTX 1060 6GB"}
{"schema_version":2,"run_id":"proto","sequence":8,"wall_timestamp":"2026-09-01T16:22:33.366+0200","monotonic_ns":4181165607200,"component":"chatterbox","event":"s3gen.model.load.completed","elapsed_ms":906,"weights_bytes":1056272256,"immutable_host_bytes":13541736,"fastconv_baked_tensors":0,"fastconv_baked_bytes":0}
{"schema_version":2,"run_id":"proto","sequence":9,"wall_timestamp":"2026-09-01T16:22:45.721+0200","monotonic_ns":4193520362300,"component":"chatterbox","event":"warmup.start","s3gen_tokens":48}
{"schema_version":2,"run_id":"proto","sequence":10,"wall_timestamp":"2026-09-01T16:22:46.201+0200","monotonic_ns":4194000996800,"component":"chatterbox","event":"t3.ready","index":-1,"tokens":48,"ms":480}
{"schema_version":2,"run_id":"proto","sequence":11,"wall_timestamp":"2026-09-01T16:22:46.201+0200","monotonic_ns":4194001072200,"component":"chatterbox","event":"t3","index":-1,"chars":121,"text_tokens":79,"tokens":48,"ms":480,"stream":true,"stop_reason":"window","text_token_ids":[255,717,42,2,32,38,63,225,2,54,2,36,59,26,52,2,152,2,145,2,185,2,29,46,29,59,52,2,14,2,133,19,19,91,22,86,70,2,25,222,2,32,124,18,71,2,32,122,29,64,2,87,2,18,19,19,91,22,86,2,20,50,44,158,2,58,2,19,96,34,46,2,175,29,47,32,61,9,0],"token_ids":[2139,57,3071,2345,2336,149,152,152,71,2339,71,4429,5648,2226,4615,4437,6373,1977,36,4463,936,1884,5101,3239,4915,1531,4356,3627,4214,6158,2350,2305,198,6258,3829,5021,2780,3995,975,333,2031,5829,3640,2166,1836,1749,3750,46],"token_us":[139430,148138,155348,162367,169332,176288,183463,190563,197552,204536,211670,218687,225732,233179,240213,247380,254456,261515,268525,275771,282872,290121,297716,305033,312267,319470,326541,333650,341052,348328,355389,362443,369463,376841,384009,391099,400829,408148,415377,422462,429539,436674,444122,451245,458366,465478,472856,480148]}
{"schema_version":2,"run_id":"proto","sequence":12,"wall_timestamp":"2026-09-01T16:22:46.201+0200","monotonic_ns":4194001083000,"component":"chatterbox","event":"s3gen.begin","index":-1,"chunk_id":0,"tokens":48,"token_start":0,"token_end":48,"skip_mel_frames":0,"final":false}
{"schema_version":2,"run_id":"proto","sequence":13,"wall_timestamp":"2026-09-01T16:22:48.329+0200","monotonic_ns":4196128867700,"component":"chatterbox","event":"s3gen","infer_ms":2128,"audio_ms":1920,"rtf":1.108,"tokens":48,"cfm_steps":5,"meanflow":false,"load_ms":0,"chunk_id":0,"token_start":0,"token_end":48,"skip_mel_frames":0,"final":false,"samples":46080,"pcm_bytes":92160,"encoder_ms":121,"cfm_ms":1759,"f0_ms":9,"stft_ms":4,"hift_ms":219,"host_to_device_ms":19,"device_to_host_ms":3,"workspace_ms":5}
{"schema_version":2,"run_id":"proto","sequence":14,"wall_timestamp":"2026-09-01T16:22:48.352+0200","monotonic_ns":4196151521300,"component":"chatterbox","event":"warmup.completed","discarded_samples":46080,"s3gen_tokens":48}
{"schema_version":2,"run_id":"proto","sequence":15,"wall_timestamp":"2026-09-01T16:22:48.354+0200","monotonic_ns":4196153632800,"component":"chatterbox","event":"server.ready","port":17933,"family":"v3","language":"pl","protocol_version":2}
{"schema_version":2,"run_id":"proto","sequence":16,"wall_timestamp":"2026-09-01T16:22:48.791+0200","monotonic_ns":4196590759600,"component":"chatterbox","event":"client.accepted"}
{"schema_version":2,"run_id":"proto","sequence":17,"wall_timestamp":"2026-09-01T16:22:48.792+0200","monotonic_ns":4196591559300,"component":"chatterbox","event":"synthesis.worker.start"}
{"schema_version":2,"run_id":"proto","sequence":18,"wall_timestamp":"2026-09-01T16:22:48.801+0200","monotonic_ns":4196600687700,"component":"chatterbox","event":"synthesis.cancel.requested"}
{"schema_version":2,"run_id":"proto","sequence":19,"wall_timestamp":"2026-09-01T16:22:48.801+0200","monotonic_ns":4196600822500,"component":"chatterbox","event":"synthesis.worker.stopped"}
{"schema_version":2,"run_id":"proto","sequence":20,"wall_timestamp":"2026-09-01T16:22:48.802+0200","monotonic_ns":4196601534200,"component":"chatterbox","event":"t3.unload.begin"}
{"schema_version":2,"run_id":"proto","sequence":21,"wall_timestamp":"2026-09-01T16:22:48.802+0200","monotonic_ns":4196601613900,"component":"chatterbox","event":"s3gen.unload.begin"}
{"schema_version":2,"run_id":"proto","sequence":22,"wall_timestamp":"2026-09-01T16:22:48.884+0200","monotonic_ns":4196683512000,"component":"chatterbox","event":"s3gen.unload.completed"}
{"schema_version":2,"run_id":"proto","sequence":23,"wall_timestamp":"2026-09-01T16:22:48.933+0200","monotonic_ns":4196732353500,"component":"chatterbox","event":"t3.unload.completed"}
{"schema_version":2,"run_id":"proto","sequence":24,"wall_timestamp":"2026-09-01T16:22:48.933+0200","monotonic_ns":4196732713300,"component":"chatterbox","event":"server.failed","error":"client disconnected without close handshake"}
